version: v1.0
name: CDS_TestIT_Disabled
group: shared.infra
requirements:
- binary: bash
steps:
- name: my empty script
  script:
  - '#!/bin/bash'
  - set -e
  - ""

